fsm_traffic_mode.c:35:6:config_leds	16	static
fsm_traffic_mode.c:60:6:init_auto_mode	8	static
fsm_traffic_mode.c:81:6:init_red_config_mode	8	static
fsm_traffic_mode.c:94:6:init_amber_config_mode	8	static
fsm_traffic_mode.c:107:6:init_green_config_mode	8	static
fsm_traffic_mode.c:122:6:fsm_mode_auto	8	static
fsm_traffic_mode.c:304:6:mode_red_config	8	static
fsm_traffic_mode.c:334:6:mode_amber_config	8	static
fsm_traffic_mode.c:366:6:mode_green_config	16	static
fsm_traffic_mode.c:398:6:init_fsm_traffic_mode	8	static
fsm_traffic_mode.c:404:6:fsm_traffic_mode	8	static
